###############################################################################
#
# IAR ELF Linker V8.30.1.114/W32 for ARM                  30/Oct/2020  14:25:21
# Copyright 2007-2018 IAR Systems AB.
#
#    Output file  =  
#        D:\Documents\IAR\Algorithm_v2\Algorithm\Debug\Exe\Algorithm.out
#    Map file     =  
#        D:\Documents\IAR\Algorithm_v2\Algorithm\Debug\List\Algorithm.map
#    Command line =  
#        -f C:\Users\241-pvyu\AppData\Local\Temp\EW8F71.tmp
#        (D:\Documents\IAR\Algorithm_v2\Algorithm\Debug\Obj\Algorithm.o
#        D:\Documents\IAR\Algorithm_v2\Algorithm\Debug\Obj\CommandHandlers.o
#        D:\Documents\IAR\Algorithm_v2\Algorithm\Debug\Obj\DataExtractor.o
#        D:\Documents\IAR\Algorithm_v2\Algorithm\Debug\Obj\Global.o
#        D:\Documents\IAR\Algorithm_v2\Algorithm\Debug\Obj\Hardware.o
#        D:\Documents\IAR\Algorithm_v2\Algorithm\Debug\Obj\irqHandler.o
#        D:\Documents\IAR\Algorithm_v2\Algorithm\Debug\Obj\main.o
#        D:\Documents\IAR\Algorithm_v2\Algorithm\Debug\Obj\mkpd.o
#        D:\Documents\IAR\Algorithm_v2\Algorithm\Debug\Obj\mkpd_ep.o
#        D:\Documents\IAR\Algorithm_v2\Algorithm\Debug\Obj\SOHandlers.o
#        D:\Documents\IAR\Algorithm_v2\Algorithm\Debug\Obj\startup_irq.o
#        D:\Documents\IAR\Algorithm_v2\Algorithm\Debug\Obj\system.o
#        D:\Documents\IAR\Algorithm_v2\Algorithm\Debug\Obj\timer.o
#        D:\Documents\IAR\Algorithm_v2\Algorithm\Debug\Obj\timerdrv.o
#        D:\Documents\IAR\Algorithm_v2\Algorithm\Debug\Obj\top.o
#        D:\Documents\IAR\Algorithm_v2\Algorithm\Debug\Obj\uart.o
#        D:\Documents\IAR\Algorithm_v2\Algorithm\Debug\Obj\uartdrv.o
#        D:\Documents\IAR\Algorithm_v2\Algorithm\Debug\Obj\ZoneController.o
#        --no_out_extension -o
#        D:\Documents\IAR\Algorithm_v2\Algorithm\Debug\Exe\Algorithm.out --map
#        D:\Documents\IAR\Algorithm_v2\Algorithm\Debug\List\Algorithm.map
#        --config D:\Documents\IAR\Algorithm_v2\Algorithm\linker\main_ext.icf
#        --semihosting --entry __iar_program_start --vfe --text_out locale)
#
###############################################################################

*******************************************************************************
*** RUNTIME MODEL ATTRIBUTES
***

CppFlavor                     = *
__CPP_Exceptions              = Disabled
__CPP_Language                = C++14
__Heap_Handler                = Basic
__SystemLibrary               = DLib
__dlib_dynamic_initialization = normal
__dlib_version                = 6


*******************************************************************************
*** HEAP SELECTION
***

The basic heap was selected because no calls to memory allocation
functions were found in the application outside of system library
functions, and there are calls to deallocation functions in the
application.


*******************************************************************************
*** PLACEMENT SUMMARY
***

"A0":  place at 0x0 { ro section .intvec };
"P1":  place in [from 0x200 to 0xffff] { ro };
define block CSTACK with size = 8K, alignment = 8 { };
define block HEAP with size = 8K, alignment = 8 { };
"P2":  place in [from 0x2000'0000 to 0x2000'ffff] {
          rw, block CSTACK, block HEAP };

  Section                Kind         Address    Size  Object
  -------                ----         -------    ----  ------
"A0":                                            0xc0
  .intvec                ro code          0x0    0xc0  startup_irq.o [1]
                                       - 0xc0    0xc0

"P1":                                          0x2c70
  .text                  ro code        0x200   0xb68  CommandHandlers.o [1]
  .text                  ro code        0xd68    0x3c  CommandHandlers.o [1]
  .text                  ro code        0xda4    0x30  timerdrv.o [1]
  .text                  ro code        0xdd4   0x1f8  uartdrv.o [1]
  .text                  ro code        0xfcc     0xc  uartdrv.o [1]
  .text                  ro code        0xfd8    0x32  timer.o [1]
  .rodata                const         0x100a     0x1  unwind_debug.o [6]
  .text                  ro code       0x100c   0x338  system.o [1]
  .text                  ro code       0x1344   0x19c  uart.o [1]
  .text                  ro code       0x14e0    0x18  uartdrv.o [1]
  .text                  ro code       0x14f8    0x20  IxxToDbl.o [4]
  .text                  ro code       0x1518   0x184  DblMul.o [4]
  .text                  ro code       0x169c    0xc2  DblDiv.o [4]
  .text                  ro code       0x175e    0x62  DblToFlt.o [4]
  .text                  ro code       0x17c0    0x26  FltToU32.o [4]
  .text                  ro code       0x17e8    0x20  IxxToFlt.o [4]
  .text                  ro code       0x1808   0x120  FltAddSub.o [4]
  .text                  ro code       0x1928    0xb0  FltMul.o [4]
  .text                  ro code       0x19d8    0x32  FltToDbl.o [4]
  .text                  ro code       0x1a0a   0x1a8  DblAddSub.o [4]
  .text                  ro code       0x1bb4    0x2e  DblToI32.o [4]
  .text                  ro code       0x1be4   0x3bc  SOHandlers.o [1]
  .text                  ro code       0x1fa0   0x36c  DataExtractor.o [1]
  .text                  ro code       0x230c    0x3c  DataExtractor.o [1]
  .text                  ro code       0x2348    0x1a  DataExtractor.o [1]
  .text                  ro code       0x2362    0x22  DataExtractor.o [1]
  .text                  ro code       0x2384   0x33c  Algorithm.o [1]
  .text                  ro code       0x26c0    0xac  Hardware.o [1]
  .text                  ro code       0x276c   0x140  ZoneController.o [1]
  .text                  ro code       0x28ac    0x24  Algorithm.o [1]
  .text                  ro code       0x28d0    0x2a  Algorithm.o [1]
  .text                  ro code       0x28fc    0x14  Algorithm.o [1]
  .text                  ro code       0x2910   0x160  mkpd.o [1]
  .text                  ro code       0x2a70    0x1a  mkpd_ep.o [1]
  .text                  ro code       0x2a8c    0x40  ZoneController.o [1]
  .text                  ro code       0x2acc    0x4a  ABImemset.o [5]
  .text                  ro code       0x2b18    0xcc  mkpd_ep.o [1]
  .text                  ro code       0x2be4    0xd8  irqHandler.o [1]
  .text                  ro code       0x2cbc    0x3c  zero_init3.o [5]
  .text                  ro code       0x2cf8    0x28  data_init.o [5]
  .text                  ro code       0x2d20    0x24  main.o [1]
  .iar.init_table        const         0x2d44    0x14  - Linker created -
  .text                  ro code       0x2d58    0x20  startup_irq.o [1]
  .text                  ro code       0x2d78    0x20  cmain_call_ctors.o [5]
  .text                  ro code       0x2d98    0x18  cppinit.o [2]
  .text                  ro code       0x2db0    0x1e  cmain.o [5]
  .text                  ro code       0x2dce     0x4  low_level_init.o [2]
  .text                  ro code       0x2dd2     0x8  exit.o [2]
  .text                  ro code       0x2ddc     0xa  cexit.o [5]
  .text                  ro code       0x2de8    0x14  exit.o [6]
  .text                  ro code       0x2dfc    0x1a  Global.o [1]
  .rodata                const         0x2e18    0x14  CommandHandlers.o [1]
  .rodata                const         0x2e2c    0x14  CommandHandlers.o [1]
  .text                  ro code       0x2e40    0x10  startup_irq.o [1]
  .text                  ro code       0x2e50    0x10  top.o [1]
  .text                  ro code       0x2e60     0xc  cstartup_M.o [5]
  SHT$$PREINIT_ARRAY                   0x2e6c     0x0  <Block>
  SHT$$INIT_ARRAY                      0x2e6c     0x4  <Block>
    .init_array          const         0x2e6c     0x4  top.o [1]
  __iar_tls$$INIT_ARRAY                0x2e70     0x0  <Block>
  .rodata                const         0x2e70     0x0  zero_init3.o [5]
                                     - 0x2e70  0x2c70

"P2", part 1 of 2:                               0x14
  .bss                   zero     0x2000'0000    0x14  top.o [1]
                                - 0x2000'0014    0x14

"P2", part 2 of 2:                             0x2000
  CSTACK                          0x2000'0018  0x2000  <Block>
    CSTACK               uninit   0x2000'0018  0x2000  <Block tail>
                                - 0x2000'2018  0x2000

Unused ranges:

         From           To    Size
         ----           --    ----
       0x2e70       0xffff  0xd190
  0x2000'0014  0x2000'0017     0x4
  0x2000'2018  0x2000'ffff  0xdfe8


*******************************************************************************
*** INIT TABLE
***

          Address      Size
          -------      ----
Zero (__iar_zero_init3)
    1 destination range, total size 0x14:
          0x2000'0000  0x14

Extra (__iar_cstart_call_ctors)



*******************************************************************************
*** MODULE SUMMARY
***

    Module              ro code  ro data  rw data
    ------              -------  -------  -------
command line/config:
    ---------------------------------------------
    Total:

D:\Documents\IAR\Algorithm_v2\Algorithm\Debug\Obj: [1]
    Algorithm.o             926
    CommandHandlers.o     2 980       40
    DataExtractor.o         996
    Global.o                 26
    Hardware.o              172
    SOHandlers.o            956
    ZoneController.o        384
    irqHandler.o            216
    main.o                   36
    mkpd.o                  352
    mkpd_ep.o               230
    startup_irq.o           240
    system.o                824
    timer.o                  50
    timerdrv.o               48
    top.o                    16        4       20
    uart.o                  412
    uartdrv.o               540
    ---------------------------------------------
    Total:                9 404       44       20

dl6M_tln.a: [2]
    cppinit.o                24
    exit.o                    8
    low_level_init.o          4
    ---------------------------------------------
    Total:                   36

dlpp6M_tl_nc.a: [3]
    ---------------------------------------------
    Total:

m6M_tl.a: [4]
    DblAddSub.o             424
    DblDiv.o                194
    DblMul.o                388
    DblToFlt.o               98
    DblToI32.o               46
    FltAddSub.o             288
    FltMul.o                176
    FltToDbl.o               50
    FltToU32.o               38
    IxxToDbl.o               32
    IxxToFlt.o               32
    ---------------------------------------------
    Total:                1 766

rt6M_tl.a: [5]
    ABImemset.o              74
    cexit.o                  10
    cmain.o                  30
    cmain_call_ctors.o       32
    cstartup_M.o             12
    data_init.o              40
    zero_init3.o             60
    ---------------------------------------------
    Total:                  258

shb_l.a: [6]
    exit.o                   20
    unwind_debug.o                     1
    ---------------------------------------------
    Total:                   20        1

    Gaps                     17        2
    Linker created                    20    8 192
-------------------------------------------------
    Grand Total:         11 501       67    8 212


*******************************************************************************
*** ENTRY LIST
***

Entry                       Address   Size  Type      Object
-----                       -------   ----  ----      ------
.iar.init_table$$Base        0x2d44          --   Gb  - Linker created -
.iar.init_table$$Limit       0x2d58          --   Gb  - Linker created -
?main                        0x2db1         Code  Gb  cmain.o [5]
Algorithm::Algorithm()       0x2385   0xbc  Code  Gb  Algorithm.o [1]
Algorithm::ProcessIvents()
                             0x2441   0x8e  Code  Gb  Algorithm.o [1]
Algorithm::processCommand(Subaddrs)
                             0x2501   0x52  Code  Gb  Algorithm.o [1]
Algorithm::processPackage()
                             0x24cf   0x32  Code  Gb  Algorithm.o [1]
Algorithm::processTimer()
                             0x2565  0x120  Code  Gb  Algorithm.o [1]
CSTACK$$Base            0x2000'0018          --   Gb  - Linker created -
CSTACK$$Limit           0x2000'2018          --   Gb  - Linker created -
DataExtractor::DataExtractor(Algorithm *)
                             0x1fa1   0x2c  Code  Gb  DataExtractor.o [1]
DataExtractor::ExtractData(Subaddrs)
                             0x1fcd   0xbc  Code  Gb  DataExtractor.o [1]
DataExtractor::extractPackage1x(Subaddrs)
                             0x20e3   0x1c  Code  Gb  DataExtractor.o [1]
DataExtractor::extractPackage4x(Subaddrs)
                             0x20ff   0x1a  Code  Gb  DataExtractor.o [1]
DataExtractor::extractPackageFDT(Subaddrs)
                             0x214d  0x100  Code  Gb  DataExtractor.o [1]
DataExtractor::extractPackageSDT(Subaddrs)
                             0x2255   0xa8  Code  Gb  DataExtractor.o [1]
DataExtractor::fillMovParam()
                             0x230d   0x3c  Code  Gb  DataExtractor.o [1]
DataExtractor::nullify(unsigned short *, int, int)
                             0x2363   0x22  Code  Gb  DataExtractor.o [1]
DataExtractor::pop()         0x2349   0x1a  Code  Gb  DataExtractor.o [1]
DataExtractor::setIndex(Subaddrs)
                             0x2089   0x5a  Code  Gb  DataExtractor.o [1]
Debugger::Debugger(UART_T *, unsigned int)
                              0xe4d   0x14  Code  Gb  uartdrv.o [1]
Debugger::Flush()             0xe85   0x30  Code  Gb  uartdrv.o [1]
Debugger::Push(FlightDutyTask *)
                              0xee3   0x80  Code  Gb  uartdrv.o [1]
Debugger::Push(MovementParameters *)
                              0xeb5   0x2e  Code  Gb  uartdrv.o [1]
Debugger::Push(StartDutyTask *)
                              0xf63   0x6a  Code  Gb  uartdrv.o [1]
Debugger::Push(unsigned char)
                              0xfcd    0xc  Code  Gb  uartdrv.o [1]
Debugger::Push(unsigned short)
                             0x14e1   0x18  Code  Gb  uartdrv.o [1]
Debugger::Synchronize(unsigned char)
                              0xe61   0x24  Code  Gb  uartdrv.o [1]
FlightDutyTask::FlightDutyTask()
                             0x28d1   0x2a  Code  Gb  Algorithm.o [1]
Global::Global()             0x2dfd    0x2  Code  Gb  Global.o [1]
Handler1_12::Handler1_12(Algorithm *, Timer *)
                              0x2b3   0x10  Code  Gb  CommandHandlers.o [1]
Handler1_12::processCS()
                              0x35f   0x98  Code  Gb  CommandHandlers.o [1]
Handler1_12::processStart()
                              0x2c3   0x9c  Code  Gb  CommandHandlers.o [1]
Handler1_12::processTimerOff()
                              0x3f7   0x1e  Code  Gb  CommandHandlers.o [1]
Handler1_34::Handler1_34(Algorithm *, Timer *)
                              0x415   0x10  Code  Gb  CommandHandlers.o [1]
Handler1_34::processCS()
                              0x541   0x74  Code  Gb  CommandHandlers.o [1]
Handler1_34::processStart()
                              0x425   0xa6  Code  Gb  CommandHandlers.o [1]
Handler1_34::processTimerOff()
                              0x5b5   0x48  Code  Gb  CommandHandlers.o [1]
Handler1_x::Handler1_x(Algorithm *, Timer *)
                              0x201   0x1c  Code  Gb  CommandHandlers.o [1]
Handler1_x::ProcessCmd()
                              0x287   0x18  Code  Gb  CommandHandlers.o [1]
Handler1_x::ProcessTI()
                              0x29f   0x14  Code  Gb  CommandHandlers.o [1]
Handler1_x::configurePins()
                              0x24f   0x38  Code  Gb  CommandHandlers.o [1]
Handler1_x::configureTime()
                              0x21d   0x32  Code  Gb  CommandHandlers.o [1]
Handler1_x::pinsConflicting()
                              0xd69   0x3c  Code  Gb  CommandHandlers.o [1]
Handler4x::Handler4x(Algorithm *)
                              0x625   0x28  Code  Gb  CommandHandlers.o [1]
Handler4x::ProcessCmd(Subaddrs)
                              0x741  0x35e  Code  Gb  CommandHandlers.o [1]
Handler4x::ProcessTI()        0xaa5  0x2bc  Code  Gb  CommandHandlers.o [1]
Handler4x::configurePins()
                              0x64d   0xbc  Code  Gb  CommandHandlers.o [1]
Handler4x::configureTime()
                              0x70d   0x28  Code  Gb  CommandHandlers.o [1]
HandlerCCT::HandlerCCT(Algorithm *)
                             0x1be5    0x2  Code  Gb  SOHandlers.o [1]
HandlerCCT::ProcessStart()
                             0x1bf3   0x18  Code  Gb  SOHandlers.o [1]
HandlerCCT::ProcessTI()
                             0x1c0b   0x20  Code  Gb  SOHandlers.o [1]
Hardware::Hardware()         0x26c1   0x7e  Code  Gb  Hardware.o [1]
MKPD1_IRQ                    0x2be5   0x4e  Code  Gb  irqHandler.o [1]
MKPD_ConfigEndpoint(MKPD_T *, unsigned int, unsigned int)
                             0x2a35   0x20  Code  Gb  mkpd.o [1]
MKPD_Get_Endpoint_Command_Word(MKPD_T *)
                             0x2a1d    0x6  Code  Gb  mkpd.o [1]
MKPD_Get_Interrupt(MKPD_T *)
                             0x2a19    0x4  Code  Gb  mkpd.o [1]
MKPD_Set_BCWaitReply_Time(MKPD_T *, unsigned int)
                             0x2971    0xe  Code  Gb  mkpd.o [1]
MKPD_Set_Clk_1250NS(MKPD_T *, unsigned int)
                             0x298d    0xe  Code  Gb  mkpd.o [1]
MKPD_Set_Clk_1500NS(MKPD_T *, unsigned int)
                             0x29bd   0x14  Code  Gb  mkpd.o [1]
MKPD_Set_Clk_1750NS(MKPD_T *, unsigned int)
                             0x29a9   0x14  Code  Gb  mkpd.o [1]
MKPD_Set_Clk_2250NS(MKPD_T *, unsigned int)
                             0x299b    0xe  Code  Gb  mkpd.o [1]
MKPD_Set_Clk_500NS(MKPD_T *, unsigned int)
                             0x297f    0xe  Code  Gb  mkpd.o [1]
MKPD_Set_DecoderDisable(MKPD_T *, unsigned int)
                             0x2949   0x14  Code  Gb  mkpd.o [1]
MKPD_Set_Edge_Time(MKPD_T *, unsigned int)
                             0x2a05   0x14  Code  Gb  mkpd.o [1]
MKPD_Set_Endpoint_Attributes(MKPD_T *, unsigned int)
                             0x2a65    0xc  Code  Gb  mkpd.o [1]
MKPD_Set_IncWith(MKPD_T *, unsigned int)
                             0x2935   0x14  Code  Gb  mkpd.o [1]
MKPD_Set_Interpacket_Time(MKPD_T *, unsigned int)
                             0x29d1   0x1a  Code  Gb  mkpd.o [1]
MKPD_Set_InvTX(MKPD_T *, unsigned int)
                             0x2911   0x14  Code  Gb  mkpd.o [1]
MKPD_Set_NoActivity_Time(MKPD_T *, unsigned int)
                             0x295d   0x14  Code  Gb  mkpd.o [1]
MKPD_Set_System_Clock(MKPD_T *, unsigned int)
                             0x2925   0x10  Code  Gb  mkpd.o [1]
MKPD_Set_Wait_Time(MKPD_T *, unsigned int)
                             0x29eb   0x1a  Code  Gb  mkpd.o [1]
MovementParameters::MovementParameters()
                             0x28fd   0x14  Code  Gb  Algorithm.o [1]
NVIC_EnableIRQ               0x100d  0x1d8  Code  Gb  system.o [1]
PWR_CLK_Disable              0x11f3    0x2  Code  Gb  system.o [1]
PWR_CLK_Enable               0x1201    0x8  Code  Gb  system.o [1]
PWR_RST_Disable              0x11e9    0xa  Code  Gb  system.o [1]
PWR_RST_Enable               0x11e5    0x4  Code  Gb  system.o [1]
PassifyHandler::ProcessStart()
                             0x1d47    0xc  Code  Gb  SOHandlers.o [1]
PassifyHandler::ProcessTI()
                             0x1d6d   0x3e  Code  Gb  SOHandlers.o [1]
Region$$Table$$Base          0x2d44          --   Gb  - Linker created -
Region$$Table$$Limit         0x2d58          --   Gb  - Linker created -
SHT$$INIT_ARRAY$$Base        0x2e6c          --   Gb  - Linker created -
SHT$$INIT_ARRAY$$Limit       0x2e70          --   Gb  - Linker created -
SHT$$PREINIT_ARRAY$$Base
                             0x2e6c          --   Gb  - Linker created -
SHT$$PREINIT_ARRAY$$Limit
                             0x2e6c          --   Gb  - Linker created -
SelfOperation::HandleConnectionLoss()
                             0x1ee9   0x96  Code  Gb  SOHandlers.o [1]
SelfOperation::SelfOperation(Algorithm *)
                             0x1e27   0x2e  Code  Gb  SOHandlers.o [1]
SelfOperation::TrySetupCancel()
                             0x1e91   0x48  Code  Gb  SOHandlers.o [1]
SelfOperation::TrySetupStart()
                             0x1e55   0x3c  Code  Gb  SOHandlers.o [1]
SetupHandler::ProcessStart()
                             0x1c3f   0x24  Code  Gb  SOHandlers.o [1]
SetupHandler::ProcessTI()
                             0x1c63   0xe4  Code  Gb  SOHandlers.o [1]
SetupHandler::SetupHandler(Algorithm *)
                             0x1c2d    0x2  Code  Gb  SOHandlers.o [1]
StartDutyTask::StartDutyTask()
                             0x28ad   0x24  Code  Gb  Algorithm.o [1]
SystemInit                   0x1235   0x10  Code  Gb  system.o [1]
TIMER_Disable(TIMER_T *)
                              0xfe3   0x12  Code  Gb  timer.o [1]
TIMER_Enable(TIMER_T *)
                              0xfd9    0xa  Code  Gb  timer.o [1]
TIMER_IntClr(TIMER_T *)
                             0x1005    0x6  Code  Gb  timer.o [1]
TIMER_IntEnable(TIMER_T *)
                              0xff5    0xa  Code  Gb  timer.o [1]
TIMER_SetValue(TIMER_T *, unsigned int)
                              0xfff    0x6  Code  Gb  timer.o [1]
Timer::Start(unsigned int)
                              0xdad   0x24  Code  Gb  timerdrv.o [1]
Timer::Timer(TIMER_T *, IRQn_T, int)
                              0xda5    0x8  Code  Gb  timerdrv.o [1]
Timer_1_IRQ                  0x2c33   0x1a  Code  Gb  irqHandler.o [1]
Timer_2_IRQ                  0x2c69   0x1c  Code  Gb  irqHandler.o [1]
Timer_3_IRQ                  0x2c85   0x12  Code  Gb  irqHandler.o [1]
Timer_4_IRQ                  0x2c4d   0x1c  Code  Gb  irqHandler.o [1]
TriggerHandler::ProcessStart()
                             0x1dab   0x2e  Code  Gb  SOHandlers.o [1]
TriggerHandler::ProcessTI()
                             0x1dd9   0x3c  Code  Gb  SOHandlers.o [1]
UART_Config(UART_T *, unsigned int)
                             0x13cd    0x4  Code  Gb  uart.o [1]
UART_Enable(UART_T *)        0x1401    0xa  Code  Gb  uart.o [1]
UART_GetStatus(UART_T *, UART_STATUS_T)
                             0x13d1    0x2  Code  Gb  uart.o [1]
UART_Init(UART_T *)          0x1383   0x3a  Code  Gb  uart.o [1]
UART_IntEnable(UART_T *, UART_INTMASK_T)
                             0x13c5    0x8  Code  Gb  uart.o [1]
UART_RXEnable(UART_T *)
                             0x140b    0xc  Code  Gb  uart.o [1]
UART_SendByte(UART_T *, unsigned char)
                             0x1417    0x4  Code  Gb  uart.o [1]
UART_SetBaud(UART_T *, unsigned int, unsigned int)
                             0x141b   0xae  Code  Gb  uart.o [1]
UART_SetupFIFOS(UART_T *, UART_IFLS, UART_IFLS)
                             0x13bd    0x8  Code  Gb  uart.o [1]
UART_TXEnable(UART_T *)
                             0x13df    0xc  Code  Gb  uart.o [1]
Virtual function table for Handler1_12
                             0x2e18   0x14  Data  Gb  CommandHandlers.o [1]
Virtual function table for Handler1_34
                             0x2e2c   0x14  Data  Gb  CommandHandlers.o [1]
ZoneController::UpdateZone()
                             0x2783  0x11e  Code  Gb  ZoneController.o [1]
ZoneController::ZoneController(Algorithm *)
                             0x276d    0x2  Code  Gb  ZoneController.o [1]
ZoneController::isInDZ()
                             0x2a8d   0x40  Code  Gb  ZoneController.o [1]
[local to uart_c]::UART_GetCtrlNum(UART_T *)
                             0x1345   0x3e  Code  Lc  uart.o [1]
__aeabi_d2f                  0x175f         Code  Gb  DblToFlt.o [4]
__aeabi_d2uiz                0x1bb5         Code  Gb  DblToI32.o [4]
__aeabi_dadd                 0x1a0b         Code  Gb  DblAddSub.o [4]
__aeabi_ddiv                 0x169d         Code  Gb  DblDiv.o [4]
__aeabi_dmul                 0x1519         Code  Gb  DblMul.o [4]
__aeabi_f2d                  0x19d9         Code  Gb  FltToDbl.o [4]
__aeabi_f2uiz                0x17c1         Code  Gb  FltToU32.o [4]
__aeabi_fadd                 0x1809         Code  Gb  FltAddSub.o [4]
__aeabi_fmul                 0x1929         Code  Gb  FltMul.o [4]
__aeabi_fsub                 0x1879         Code  Gb  FltAddSub.o [4]
__aeabi_memclr               0x2ae1         Code  Gb  ABImemset.o [5]
__aeabi_memclr4              0x2ae5         Code  Gb  ABImemset.o [5]
__aeabi_memclr8              0x2ae5         Code  Gb  ABImemset.o [5]
__aeabi_ui2d                 0x14f9         Code  Gb  IxxToDbl.o [4]
__aeabi_ui2f                 0x17e9         Code  Gb  IxxToFlt.o [4]
__call_ctors                 0x2d99   0x18  Code  Gb  cppinit.o [2]
__cmain                      0x2db1         Code  Gb  cmain.o [5]
__exit                       0x2de9   0x14  Code  Gb  exit.o [6]
__iar_Memset4_word           0x2ae9         Code  Gb  ABImemset.o [5]
__iar_Memset_word            0x2acd         Code  Gb  ABImemset.o [5]
__iar_cstart_call_ctors
                             0x2d79   0x20  Code  Gb  cmain_call_ctors.o [5]
__iar_d2uiz                  0x1bb9         Code  Gb  DblToI32.o [4]
__iar_data_init3             0x2cf9   0x28  Code  Gb  data_init.o [5]
__iar_debug_exceptions       0x100a    0x1  Data  Gb  unwind_debug.o [6]
__iar_program_start          0x2e61         Code  Gb  cstartup_M.o [5]
__iar_tls$$INIT_ARRAY$$Base
                             0x2e70          --   Gb  - Linker created -
__iar_tls$$INIT_ARRAY$$Limit
                             0x2e70          --   Gb  - Linker created -
__iar_zero_init3             0x2cbd   0x3c  Code  Gb  zero_init3.o [5]
__low_level_init             0x2dcf    0x4  Code  Gb  low_level_init.o [2]
__sti__routine               0x2e51   0x10  Code  Lc  top.o [1]
__vector_table                  0x0         Data  Gb  startup_irq.o [1]
_call_main                   0x2dbd         Code  Gb  cmain.o [5]
_exit                        0x2ddd         Code  Gb  cexit.o [5]
_main                        0x2dcb         Code  Gb  cmain.o [5]
exit                         0x2dd3    0x8  Code  Gb  exit.o [2]
global                  0x2000'0000   0x14  Data  Gb  top.o [1]
main                         0x2d21   0x24  Code  Gb  main.o [1]
mkpd_ep::Init()              0x2b19   0xcc  Code  Gb  mkpd_ep.o [1]
mkpd_ep::mkpd_ep(unsigned int)
                             0x2a71   0x1a  Code  Gb  mkpd_ep.o [1]
uart::uart(UART_T *, unsigned int)
                              0xdd5   0x6a  Code  Gb  uartdrv.o [1]


[1] = D:\Documents\IAR\Algorithm_v2\Algorithm\Debug\Obj
[2] = dl6M_tln.a
[3] = dlpp6M_tl_nc.a
[4] = m6M_tl.a
[5] = rt6M_tl.a
[6] = shb_l.a

  11 501 bytes of readonly  code memory
      67 bytes of readonly  data memory
   8 212 bytes of readwrite data memory

Errors: none
Warnings: none
